-bash: */1: No such file or directory
-bash: */1: No such file or directory
ğŸ” VÃ©rification de l'IP publiqueâ€¦
âœ… Aucun changement dÃ©tectÃ©
ğŸ” VÃ©rification de l'IP publiqueâ€¦
âœ… Aucun changement dÃ©tectÃ©
ğŸ” VÃ©rification de l'IP publiqueâ€¦
âœ… Aucun changement dÃ©tectÃ©
ğŸ” VÃ©rification de l'IP publiqueâ€¦
âœ… Aucun changement dÃ©tectÃ©
ğŸ” VÃ©rification de l'IP publiqueâ€¦
âœ… Aucun changement dÃ©tectÃ©
ğŸ” VÃ©rification de l'IP publiqueâ€¦
âœ… Aucun changement dÃ©tectÃ©
ğŸ” VÃ©rification de l'IP publiqueâ€¦
âœ… Aucun changement dÃ©tectÃ©
ğŸ” VÃ©rification de l'IP publiqueâ€¦
âœ… Aucun changement dÃ©tectÃ©
ğŸ” VÃ©rification de l'IP publiqueâ€¦
Traceback (most recent call last):
  File "/usr/lib/python3/dist-packages/urllib3/connection.py", line 198, in _new_conn
    sock = connection.create_connection(
        (self._dns_host, self.port),
    ...<2 lines>...
        socket_options=self.socket_options,
    )
  File "/usr/lib/python3/dist-packages/urllib3/util/connection.py", line 60, in create_connection
    for res in socket.getaddrinfo(host, port, family, socket.SOCK_STREAM):
               ~~~~~~~~~~~~~~~~~~^^^^^^^^^^^^^^^^^^^^^^^^^^^^^^^^^^^^^^^^
  File "/usr/lib/python3.13/socket.py", line 977, in getaddrinfo
    for res in _socket.getaddrinfo(host, port, family, type, proto, flags):
               ~~~~~~~~~~~~~~~~~~~^^^^^^^^^^^^^^^^^^^^^^^^^^^^^^^^^^^^^^^^
socket.gaierror: [Errno -3] Temporary failure in name resolution

The above exception was the direct cause of the following exception:

Traceback (most recent call last):
  File "/usr/lib/python3/dist-packages/urllib3/connectionpool.py", line 787, in urlopen
    response = self._make_request(
        conn,
    ...<10 lines>...
        **response_kw,
    )
  File "/usr/lib/python3/dist-packages/urllib3/connectionpool.py", line 488, in _make_request
    raise new_e
  File "/usr/lib/python3/dist-packages/urllib3/connectionpool.py", line 464, in _make_request
    self._validate_conn(conn)
    ~~~~~~~~~~~~~~~~~~~^^^^^^
  File "/usr/lib/python3/dist-packages/urllib3/connectionpool.py", line 1093, in _validate_conn
    conn.connect()
    ~~~~~~~~~~~~^^
  File "/usr/lib/python3/dist-packages/urllib3/connection.py", line 704, in connect
    self.sock = sock = self._new_conn()
                       ~~~~~~~~~~~~~~^^
  File "/usr/lib/python3/dist-packages/urllib3/connection.py", line 205, in _new_conn
    raise NameResolutionError(self.host, self, e) from e
urllib3.exceptions.NameResolutionError: <urllib3.connection.HTTPSConnection object at 0x7fb2004ad0>: Failed to resolve 'api.ipify.org' ([Errno -3] Temporary failure in name resolution)

The above exception was the direct cause of the following exception:

Traceback (most recent call last):
  File "/usr/lib/python3/dist-packages/requests/adapters.py", line 667, in send
    resp = conn.urlopen(
        method=request.method,
    ...<9 lines>...
        chunked=chunked,
    )
  File "/usr/lib/python3/dist-packages/urllib3/connectionpool.py", line 841, in urlopen
    retries = retries.increment(
        method, url, error=new_e, _pool=self, _stacktrace=sys.exc_info()[2]
    )
  File "/usr/lib/python3/dist-packages/urllib3/util/retry.py", line 519, in increment
    raise MaxRetryError(_pool, url, reason) from reason  # type: ignore[arg-type]
    ^^^^^^^^^^^^^^^^^^^^^^^^^^^^^^^^^^^^^^^^^^^^^^^^^^^
urllib3.exceptions.MaxRetryError: HTTPSConnectionPool(host='api.ipify.org', port=443): Max retries exceeded with url: / (Caused by NameResolutionError("<urllib3.connection.HTTPSConnection object at 0x7fb2004ad0>: Failed to resolve 'api.ipify.org' ([Errno -3] Temporary failure in name resolution)"))

During handling of the above exception, another exception occurred:

Traceback (most recent call last):
  File "/home/iconnect/frameconnect.github.io/update_ip.py", line 97, in <module>
    main()
    ~~~~^^
  File "/home/iconnect/frameconnect.github.io/update_ip.py", line 76, in main
    public_ip = get_public_ip()
  File "/home/iconnect/frameconnect.github.io/update_ip.py", line 23, in get_public_ip
    response = requests.get(IP_SERVICE, timeout=5)
  File "/usr/lib/python3/dist-packages/requests/api.py", line 73, in get
    return request("get", url, params=params, **kwargs)
  File "/usr/lib/python3/dist-packages/requests/api.py", line 59, in request
    return session.request(method=method, url=url, **kwargs)
           ~~~~~~~~~~~~~~~^^^^^^^^^^^^^^^^^^^^^^^^^^^^^^^^^^
  File "/usr/lib/python3/dist-packages/requests/sessions.py", line 589, in request
    resp = self.send(prep, **send_kwargs)
  File "/usr/lib/python3/dist-packages/requests/sessions.py", line 703, in send
    r = adapter.send(request, **kwargs)
  File "/usr/lib/python3/dist-packages/requests/adapters.py", line 700, in send
    raise ConnectionError(e, request=request)
requests.exceptions.ConnectionError: HTTPSConnectionPool(host='api.ipify.org', port=443): Max retries exceeded with url: / (Caused by NameResolutionError("<urllib3.connection.HTTPSConnection object at 0x7fb2004ad0>: Failed to resolve 'api.ipify.org' ([Errno -3] Temporary failure in name resolution)"))
ğŸ” VÃ©rification de l'IP publiqueâ€¦
âœ… Aucun changement dÃ©tectÃ©
ğŸ” VÃ©rification de l'IP publiqueâ€¦
âœ… Aucun changement dÃ©tectÃ©
ğŸ” VÃ©rification de l'IP publiqueâ€¦
âœ… Aucun changement dÃ©tectÃ©
ğŸ” VÃ©rification de l'IP publiqueâ€¦
âœ… Aucun changement dÃ©tectÃ©
ğŸ” VÃ©rification de l'IP publiqueâ€¦
âœ… Aucun changement dÃ©tectÃ©
ğŸ” VÃ©rification de l'IP publiqueâ€¦
âœ… Aucun changement dÃ©tectÃ©
ğŸ” VÃ©rification de l'IP publiqueâ€¦
âœ… Aucun changement dÃ©tectÃ©
ğŸ” VÃ©rification de l'IP publiqueâ€¦
âœ… Aucun changement dÃ©tectÃ©
ğŸ” VÃ©rification de l'IP publiqueâ€¦
âœ… Aucun changement dÃ©tectÃ©
ğŸ” VÃ©rification de l'IP publiqueâ€¦
âœ… Aucun changement dÃ©tectÃ©
ğŸ” VÃ©rification de l'IP publiqueâ€¦
âœ… Aucun changement dÃ©tectÃ©
ğŸ” VÃ©rification de l'IP publiqueâ€¦
âœ… Aucun changement dÃ©tectÃ©
ğŸ” VÃ©rification de l'IP publiqueâ€¦
âœ… Aucun changement dÃ©tectÃ©
ğŸ” VÃ©rification de l'IP publiqueâ€¦
âœ… Aucun changement dÃ©tectÃ©
ğŸ” VÃ©rification de l'IP publiqueâ€¦
âœ… Aucun changement dÃ©tectÃ©
ğŸ” VÃ©rification de l'IP publiqueâ€¦
âœ… Aucun changement dÃ©tectÃ©
ğŸ” VÃ©rification de l'IP publiqueâ€¦
âœ… Aucun changement dÃ©tectÃ©
ğŸ” VÃ©rification de l'IP publiqueâ€¦
âœ… Aucun changement dÃ©tectÃ©
ğŸ” VÃ©rification de l'IP publiqueâ€¦
âœ… Aucun changement dÃ©tectÃ©
ğŸ” VÃ©rification de l'IP publiqueâ€¦
âœ… Aucun changement dÃ©tectÃ©
ğŸ” VÃ©rification de l'IP publiqueâ€¦
âœ… Aucun changement dÃ©tectÃ©
ğŸ” VÃ©rification de l'IP publiqueâ€¦
âœ… Aucun changement dÃ©tectÃ©
ğŸ” VÃ©rification de l'IP publiqueâ€¦
âœ… Aucun changement dÃ©tectÃ©
ğŸ” VÃ©rification de l'IP publiqueâ€¦
âœ… Aucun changement dÃ©tectÃ©
ğŸ” VÃ©rification de l'IP publiqueâ€¦
âœ… Aucun changement dÃ©tectÃ©
ğŸ” VÃ©rification de l'IP publiqueâ€¦
âœ… Aucun changement dÃ©tectÃ©
ğŸ” VÃ©rification de l'IP publiqueâ€¦
âœ… Aucun changement dÃ©tectÃ©
ğŸ” VÃ©rification de l'IP publiqueâ€¦
âœ… Aucun changement dÃ©tectÃ©
ğŸ” VÃ©rification de l'IP publiqueâ€¦
âœ… Aucun changement dÃ©tectÃ©
ğŸ” VÃ©rification de l'IP publiqueâ€¦
âœ… Aucun changement dÃ©tectÃ©
ğŸ” VÃ©rification de l'IP publiqueâ€¦
âœ… Aucun changement dÃ©tectÃ©
ğŸ” VÃ©rification de l'IP publiqueâ€¦
âœ… Aucun changement dÃ©tectÃ©
ğŸ” VÃ©rification de l'IP publiqueâ€¦
âœ… Aucun changement dÃ©tectÃ©
ğŸ” VÃ©rification de l'IP publiqueâ€¦
âœ… Aucun changement dÃ©tectÃ©
ğŸ” VÃ©rification de l'IP publiqueâ€¦
âœ… Aucun changement dÃ©tectÃ©
ğŸ” VÃ©rification de l'IP publiqueâ€¦
âœ… Aucun changement dÃ©tectÃ©
ğŸ” VÃ©rification de l'IP publiqueâ€¦
âœ… Aucun changement dÃ©tectÃ©
ğŸ” VÃ©rification de l'IP publiqueâ€¦
âœ… Aucun changement dÃ©tectÃ©
ğŸ” VÃ©rification de l'IP publiqueâ€¦
âœ… Aucun changement dÃ©tectÃ©
ğŸ” VÃ©rification de l'IP publiqueâ€¦
âœ… Aucun changement dÃ©tectÃ©
ğŸ” VÃ©rification de l'IP publiqueâ€¦
âœ… Aucun changement dÃ©tectÃ©
ğŸ” VÃ©rification de l'IP publiqueâ€¦
âœ… Aucun changement dÃ©tectÃ©
ğŸ” VÃ©rification de l'IP publiqueâ€¦
âœ… Aucun changement dÃ©tectÃ©
ğŸ” VÃ©rification de l'IP publiqueâ€¦
âœ… Aucun changement dÃ©tectÃ©
ğŸ” VÃ©rification de l'IP publiqueâ€¦
âœ… Aucun changement dÃ©tectÃ©
ğŸ” VÃ©rification de l'IP publiqueâ€¦
âœ… Aucun changement dÃ©tectÃ©
ğŸ” VÃ©rification de l'IP publiqueâ€¦
âœ… Aucun changement dÃ©tectÃ©
ğŸ” VÃ©rification de l'IP publiqueâ€¦
âœ… Aucun changement dÃ©tectÃ©
ğŸ” VÃ©rification de l'IP publiqueâ€¦
âœ… Aucun changement dÃ©tectÃ©
ğŸ” VÃ©rification de l'IP publiqueâ€¦
âœ… Aucun changement dÃ©tectÃ©
ğŸ” VÃ©rification de l'IP publiqueâ€¦
Traceback (most recent call last):
  File "/home/iconnect/frameconnect.github.io/update_ip.py", line 92, in <module>
    main()
    ~~~~^^
  File "/home/iconnect/frameconnect.github.io/update_ip.py", line 75, in main
    current_url = read_current_url(html)
  File "/home/iconnect/frameconnect.github.io/update_ip.py", line 35, in read_current_url
    raise ValueError(
        "âŒ Redirection window.location.href non trouvÃ©e dans index.html"
    )
ValueError: âŒ Redirection window.location.href non trouvÃ©e dans index.html
ğŸ” VÃ©rification de l'IP publiqueâ€¦
Traceback (most recent call last):
  File "/home/iconnect/frameconnect.github.io/update_ip.py", line 92, in <module>
    main()
    ~~~~^^
  File "/home/iconnect/frameconnect.github.io/update_ip.py", line 75, in main
    current_url = read_current_url(html)
  File "/home/iconnect/frameconnect.github.io/update_ip.py", line 35, in read_current_url
    raise ValueError(
        "âŒ Redirection window.location.href non trouvÃ©e dans index.html"
    )
ValueError: âŒ Redirection window.location.href non trouvÃ©e dans index.html
ğŸ” VÃ©rification de l'IP publiqueâ€¦
Traceback (most recent call last):
  File "/home/iconnect/frameconnect.github.io/update_ip.py", line 92, in <module>
    main()
    ~~~~^^
  File "/home/iconnect/frameconnect.github.io/update_ip.py", line 75, in main
    current_url = read_current_url(html)
  File "/home/iconnect/frameconnect.github.io/update_ip.py", line 35, in read_current_url
    raise ValueError(
        "âŒ Redirection window.location.href non trouvÃ©e dans index.html"
    )
ValueError: âŒ Redirection window.location.href non trouvÃ©e dans index.html
ğŸ” VÃ©rification de l'IP publiqueâ€¦
Traceback (most recent call last):
  File "/home/iconnect/frameconnect.github.io/update_ip.py", line 92, in <module>
    main()
    ~~~~^^
  File "/home/iconnect/frameconnect.github.io/update_ip.py", line 75, in main
    current_url = read_current_url(html)
  File "/home/iconnect/frameconnect.github.io/update_ip.py", line 35, in read_current_url
    raise ValueError(
        "âŒ Redirection window.location.href non trouvÃ©e dans index.html"
    )
ValueError: âŒ Redirection window.location.href non trouvÃ©e dans index.html
ğŸ” VÃ©rification de l'IP publiqueâ€¦
Traceback (most recent call last):
  File "/home/iconnect/frameconnect.github.io/update_ip.py", line 92, in <module>
    main()
    ~~~~^^
  File "/home/iconnect/frameconnect.github.io/update_ip.py", line 75, in main
    current_url = read_current_url(html)
  File "/home/iconnect/frameconnect.github.io/update_ip.py", line 35, in read_current_url
    raise ValueError(
        "âŒ Redirection window.location.href non trouvÃ©e dans index.html"
    )
ValueError: âŒ Redirection window.location.href non trouvÃ©e dans index.html
ğŸ” VÃ©rification de l'IP publiqueâ€¦
Traceback (most recent call last):
  File "/home/iconnect/frameconnect.github.io/update_ip.py", line 92, in <module>
    main()
    ~~~~^^
  File "/home/iconnect/frameconnect.github.io/update_ip.py", line 75, in main
    current_url = read_current_url(html)
  File "/home/iconnect/frameconnect.github.io/update_ip.py", line 35, in read_current_url
    raise ValueError(
        "âŒ Redirection window.location.href non trouvÃ©e dans index.html"
    )
ValueError: âŒ Redirection window.location.href non trouvÃ©e dans index.html
ğŸ” VÃ©rification de l'IP publiqueâ€¦
Traceback (most recent call last):
  File "/home/iconnect/frameconnect.github.io/update_ip.py", line 92, in <module>
    main()
    ~~~~^^
  File "/home/iconnect/frameconnect.github.io/update_ip.py", line 75, in main
    current_url = read_current_url(html)
  File "/home/iconnect/frameconnect.github.io/update_ip.py", line 35, in read_current_url
    raise ValueError(
        "âŒ Redirection window.location.href non trouvÃ©e dans index.html"
    )
ValueError: âŒ Redirection window.location.href non trouvÃ©e dans index.html
ğŸ” VÃ©rification de l'IP publiqueâ€¦
Traceback (most recent call last):
  File "/home/iconnect/frameconnect.github.io/update_ip.py", line 92, in <module>
    main()
    ~~~~^^
  File "/home/iconnect/frameconnect.github.io/update_ip.py", line 75, in main
    current_url = read_current_url(html)
  File "/home/iconnect/frameconnect.github.io/update_ip.py", line 35, in read_current_url
    raise ValueError(
        "âŒ Redirection window.location.href non trouvÃ©e dans index.html"
    )
ValueError: âŒ Redirection window.location.href non trouvÃ©e dans index.html
ğŸ” VÃ©rification de l'IP publiqueâ€¦
Traceback (most recent call last):
  File "/home/iconnect/frameconnect.github.io/update_ip.py", line 92, in <module>
    main()
    ~~~~^^
  File "/home/iconnect/frameconnect.github.io/update_ip.py", line 75, in main
    current_url = read_current_url(html)
  File "/home/iconnect/frameconnect.github.io/update_ip.py", line 35, in read_current_url
    raise ValueError(
        "âŒ Redirection window.location.href non trouvÃ©e dans index.html"
    )
ValueError: âŒ Redirection window.location.href non trouvÃ©e dans index.html
ğŸ” VÃ©rification de l'IP publiqueâ€¦
Traceback (most recent call last):
  File "/home/iconnect/frameconnect.github.io/update_ip.py", line 92, in <module>
    main()
    ~~~~^^
  File "/home/iconnect/frameconnect.github.io/update_ip.py", line 75, in main
    current_url = read_current_url(html)
  File "/home/iconnect/frameconnect.github.io/update_ip.py", line 35, in read_current_url
    raise ValueError(
        "âŒ Redirection window.location.href non trouvÃ©e dans index.html"
    )
ValueError: âŒ Redirection window.location.href non trouvÃ©e dans index.html
ğŸ” VÃ©rification de l'IP publiqueâ€¦
Traceback (most recent call last):
  File "/home/iconnect/frameconnect.github.io/update_ip.py", line 92, in <module>
    main()
    ~~~~^^
  File "/home/iconnect/frameconnect.github.io/update_ip.py", line 75, in main
    current_url = read_current_url(html)
  File "/home/iconnect/frameconnect.github.io/update_ip.py", line 35, in read_current_url
    raise ValueError(
        "âŒ Redirection window.location.href non trouvÃ©e dans index.html"
    )
ValueError: âŒ Redirection window.location.href non trouvÃ©e dans index.html
ğŸ” VÃ©rification de l'IP publiqueâ€¦
Traceback (most recent call last):
  File "/home/iconnect/frameconnect.github.io/update_ip.py", line 92, in <module>
    main()
    ~~~~^^
  File "/home/iconnect/frameconnect.github.io/update_ip.py", line 75, in main
    current_url = read_current_url(html)
  File "/home/iconnect/frameconnect.github.io/update_ip.py", line 35, in read_current_url
    raise ValueError(
        "âŒ Redirection window.location.href non trouvÃ©e dans index.html"
    )
ValueError: âŒ Redirection window.location.href non trouvÃ©e dans index.html
ğŸ” VÃ©rification de l'IP publiqueâ€¦
Traceback (most recent call last):
  File "/home/iconnect/frameconnect.github.io/update_ip.py", line 92, in <module>
    main()
    ~~~~^^
  File "/home/iconnect/frameconnect.github.io/update_ip.py", line 75, in main
    current_url = read_current_url(html)
  File "/home/iconnect/frameconnect.github.io/update_ip.py", line 35, in read_current_url
    raise ValueError(
        "âŒ Redirection window.location.href non trouvÃ©e dans index.html"
    )
ValueError: âŒ Redirection window.location.href non trouvÃ©e dans index.html
ğŸ” VÃ©rification de l'IP publiqueâ€¦
Traceback (most recent call last):
  File "/home/iconnect/frameconnect.github.io/update_ip.py", line 92, in <module>
    main()
    ~~~~^^
  File "/home/iconnect/frameconnect.github.io/update_ip.py", line 75, in main
    current_url = read_current_url(html)
  File "/home/iconnect/frameconnect.github.io/update_ip.py", line 35, in read_current_url
    raise ValueError(
        "âŒ Redirection window.location.href non trouvÃ©e dans index.html"
    )
ValueError: âŒ Redirection window.location.href non trouvÃ©e dans index.html
ğŸ” VÃ©rification de l'IP publiqueâ€¦
Traceback (most recent call last):
  File "/home/iconnect/frameconnect.github.io/update_ip.py", line 92, in <module>
    main()
    ~~~~^^
  File "/home/iconnect/frameconnect.github.io/update_ip.py", line 75, in main
    current_url = read_current_url(html)
  File "/home/iconnect/frameconnect.github.io/update_ip.py", line 35, in read_current_url
    raise ValueError(
        "âŒ Redirection window.location.href non trouvÃ©e dans index.html"
    )
ValueError: âŒ Redirection window.location.href non trouvÃ©e dans index.html
ğŸ” VÃ©rification de l'IP publiqueâ€¦
Traceback (most recent call last):
  File "/home/iconnect/frameconnect.github.io/update_ip.py", line 92, in <module>
    main()
    ~~~~^^
  File "/home/iconnect/frameconnect.github.io/update_ip.py", line 75, in main
    current_url = read_current_url(html)
  File "/home/iconnect/frameconnect.github.io/update_ip.py", line 35, in read_current_url
    raise ValueError(
        "âŒ Redirection window.location.href non trouvÃ©e dans index.html"
    )
ValueError: âŒ Redirection window.location.href non trouvÃ©e dans index.html
ğŸ” VÃ©rification de l'IP publiqueâ€¦
Traceback (most recent call last):
  File "/home/iconnect/frameconnect.github.io/update_ip.py", line 92, in <module>
    main()
    ~~~~^^
  File "/home/iconnect/frameconnect.github.io/update_ip.py", line 75, in main
    current_url = read_current_url(html)
  File "/home/iconnect/frameconnect.github.io/update_ip.py", line 35, in read_current_url
    raise ValueError(
        "âŒ Redirection window.location.href non trouvÃ©e dans index.html"
    )
ValueError: âŒ Redirection window.location.href non trouvÃ©e dans index.html
ğŸ” VÃ©rification de l'IP publiqueâ€¦
Traceback (most recent call last):
  File "/home/iconnect/frameconnect.github.io/update_ip.py", line 92, in <module>
    main()
    ~~~~^^
  File "/home/iconnect/frameconnect.github.io/update_ip.py", line 75, in main
    current_url = read_current_url(html)
  File "/home/iconnect/frameconnect.github.io/update_ip.py", line 35, in read_current_url
    raise ValueError(
        "âŒ Redirection window.location.href non trouvÃ©e dans index.html"
    )
ValueError: âŒ Redirection window.location.href non trouvÃ©e dans index.html
ğŸ” VÃ©rification de l'IP publiqueâ€¦
Traceback (most recent call last):
  File "/home/iconnect/frameconnect.github.io/update_ip.py", line 92, in <module>
    main()
    ~~~~^^
  File "/home/iconnect/frameconnect.github.io/update_ip.py", line 75, in main
    current_url = read_current_url(html)
  File "/home/iconnect/frameconnect.github.io/update_ip.py", line 35, in read_current_url
    raise ValueError(
        "âŒ Redirection window.location.href non trouvÃ©e dans index.html"
    )
ValueError: âŒ Redirection window.location.href non trouvÃ©e dans index.html
ğŸ” VÃ©rification de l'IP publiqueâ€¦
Traceback (most recent call last):
  File "/home/iconnect/frameconnect.github.io/update_ip.py", line 92, in <module>
    main()
    ~~~~^^
  File "/home/iconnect/frameconnect.github.io/update_ip.py", line 75, in main
    current_url = read_current_url(html)
  File "/home/iconnect/frameconnect.github.io/update_ip.py", line 35, in read_current_url
    raise ValueError(
        "âŒ Redirection window.location.href non trouvÃ©e dans index.html"
    )
ValueError: âŒ Redirection window.location.href non trouvÃ©e dans index.html
ğŸ” VÃ©rification de l'IP publiqueâ€¦
Traceback (most recent call last):
  File "/home/iconnect/frameconnect.github.io/update_ip.py", line 92, in <module>
    main()
    ~~~~^^
  File "/home/iconnect/frameconnect.github.io/update_ip.py", line 75, in main
    current_url = read_current_url(html)
  File "/home/iconnect/frameconnect.github.io/update_ip.py", line 35, in read_current_url
    raise ValueError(
        "âŒ Redirection window.location.href non trouvÃ©e dans index.html"
    )
ValueError: âŒ Redirection window.location.href non trouvÃ©e dans index.html
ğŸ” VÃ©rification de l'IP publiqueâ€¦
Traceback (most recent call last):
  File "/home/iconnect/frameconnect.github.io/update_ip.py", line 92, in <module>
    main()
    ~~~~^^
  File "/home/iconnect/frameconnect.github.io/update_ip.py", line 75, in main
    current_url = read_current_url(html)
  File "/home/iconnect/frameconnect.github.io/update_ip.py", line 35, in read_current_url
    raise ValueError(
        "âŒ Redirection window.location.href non trouvÃ©e dans index.html"
    )
ValueError: âŒ Redirection window.location.href non trouvÃ©e dans index.html
ğŸ” VÃ©rification de l'IP publiqueâ€¦
Traceback (most recent call last):
  File "/home/iconnect/frameconnect.github.io/update_ip.py", line 92, in <module>
    main()
    ~~~~^^
  File "/home/iconnect/frameconnect.github.io/update_ip.py", line 75, in main
    current_url = read_current_url(html)
  File "/home/iconnect/frameconnect.github.io/update_ip.py", line 35, in read_current_url
    raise ValueError(
        "âŒ Redirection window.location.href non trouvÃ©e dans index.html"
    )
ValueError: âŒ Redirection window.location.href non trouvÃ©e dans index.html
ğŸ” VÃ©rification de l'IP publiqueâ€¦
Traceback (most recent call last):
  File "/home/iconnect/frameconnect.github.io/update_ip.py", line 92, in <module>
    main()
    ~~~~^^
  File "/home/iconnect/frameconnect.github.io/update_ip.py", line 75, in main
    current_url = read_current_url(html)
  File "/home/iconnect/frameconnect.github.io/update_ip.py", line 35, in read_current_url
    raise ValueError(
        "âŒ Redirection window.location.href non trouvÃ©e dans index.html"
    )
ValueError: âŒ Redirection window.location.href non trouvÃ©e dans index.html
ğŸ” VÃ©rification de l'IP publiqueâ€¦
Traceback (most recent call last):
  File "/home/iconnect/frameconnect.github.io/update_ip.py", line 92, in <module>
    main()
    ~~~~^^
  File "/home/iconnect/frameconnect.github.io/update_ip.py", line 75, in main
    current_url = read_current_url(html)
  File "/home/iconnect/frameconnect.github.io/update_ip.py", line 35, in read_current_url
    raise ValueError(
        "âŒ Redirection window.location.href non trouvÃ©e dans index.html"
    )
ValueError: âŒ Redirection window.location.href non trouvÃ©e dans index.html
ğŸ” VÃ©rification de l'IP publiqueâ€¦
Traceback (most recent call last):
  File "/home/iconnect/frameconnect.github.io/update_ip.py", line 92, in <module>
    main()
    ~~~~^^
  File "/home/iconnect/frameconnect.github.io/update_ip.py", line 75, in main
    current_url = read_current_url(html)
  File "/home/iconnect/frameconnect.github.io/update_ip.py", line 35, in read_current_url
    raise ValueError(
        "âŒ Redirection window.location.href non trouvÃ©e dans index.html"
    )
ValueError: âŒ Redirection window.location.href non trouvÃ©e dans index.html
ğŸ” VÃ©rification de l'IP publiqueâ€¦
Traceback (most recent call last):
  File "/home/iconnect/frameconnect.github.io/update_ip.py", line 92, in <module>
    main()
    ~~~~^^
  File "/home/iconnect/frameconnect.github.io/update_ip.py", line 75, in main
    current_url = read_current_url(html)
  File "/home/iconnect/frameconnect.github.io/update_ip.py", line 35, in read_current_url
    raise ValueError(
        "âŒ Redirection window.location.href non trouvÃ©e dans index.html"
    )
ValueError: âŒ Redirection window.location.href non trouvÃ©e dans index.html
ğŸ” VÃ©rification de l'IP publiqueâ€¦
Traceback (most recent call last):
  File "/home/iconnect/frameconnect.github.io/update_ip.py", line 92, in <module>
    main()
    ~~~~^^
  File "/home/iconnect/frameconnect.github.io/update_ip.py", line 75, in main
    current_url = read_current_url(html)
  File "/home/iconnect/frameconnect.github.io/update_ip.py", line 35, in read_current_url
    raise ValueError(
        "âŒ Redirection window.location.href non trouvÃ©e dans index.html"
    )
ValueError: âŒ Redirection window.location.href non trouvÃ©e dans index.html
ğŸ” VÃ©rification de l'IP publiqueâ€¦
Traceback (most recent call last):
  File "/home/iconnect/frameconnect.github.io/update_ip.py", line 92, in <module>
    main()
    ~~~~^^
  File "/home/iconnect/frameconnect.github.io/update_ip.py", line 75, in main
    current_url = read_current_url(html)
  File "/home/iconnect/frameconnect.github.io/update_ip.py", line 35, in read_current_url
    raise ValueError(
        "âŒ Redirection window.location.href non trouvÃ©e dans index.html"
    )
ValueError: âŒ Redirection window.location.href non trouvÃ©e dans index.html
ğŸ” VÃ©rification de l'IP publiqueâ€¦
Traceback (most recent call last):
  File "/home/iconnect/frameconnect.github.io/update_ip.py", line 92, in <module>
    main()
    ~~~~^^
  File "/home/iconnect/frameconnect.github.io/update_ip.py", line 75, in main
    current_url = read_current_url(html)
  File "/home/iconnect/frameconnect.github.io/update_ip.py", line 35, in read_current_url
    raise ValueError(
        "âŒ Redirection window.location.href non trouvÃ©e dans index.html"
    )
ValueError: âŒ Redirection window.location.href non trouvÃ©e dans index.html
ğŸ” VÃ©rification de l'IP publiqueâ€¦
Traceback (most recent call last):
  File "/home/iconnect/frameconnect.github.io/update_ip.py", line 92, in <module>
    main()
    ~~~~^^
  File "/home/iconnect/frameconnect.github.io/update_ip.py", line 75, in main
    current_url = read_current_url(html)
  File "/home/iconnect/frameconnect.github.io/update_ip.py", line 35, in read_current_url
    raise ValueError(
        "âŒ Redirection window.location.href non trouvÃ©e dans index.html"
    )
ValueError: âŒ Redirection window.location.href non trouvÃ©e dans index.html
ğŸ” VÃ©rification de l'IP publiqueâ€¦
Traceback (most recent call last):
  File "/home/iconnect/frameconnect.github.io/update_ip.py", line 92, in <module>
    main()
    ~~~~^^
  File "/home/iconnect/frameconnect.github.io/update_ip.py", line 75, in main
    current_url = read_current_url(html)
  File "/home/iconnect/frameconnect.github.io/update_ip.py", line 35, in read_current_url
    raise ValueError(
        "âŒ Redirection window.location.href non trouvÃ©e dans index.html"
    )
ValueError: âŒ Redirection window.location.href non trouvÃ©e dans index.html
ğŸ” VÃ©rification de l'IP publiqueâ€¦
Traceback (most recent call last):
  File "/home/iconnect/frameconnect.github.io/update_ip.py", line 92, in <module>
    main()
    ~~~~^^
  File "/home/iconnect/frameconnect.github.io/update_ip.py", line 75, in main
    current_url = read_current_url(html)
  File "/home/iconnect/frameconnect.github.io/update_ip.py", line 35, in read_current_url
    raise ValueError(
        "âŒ Redirection window.location.href non trouvÃ©e dans index.html"
    )
ValueError: âŒ Redirection window.location.href non trouvÃ©e dans index.html
ğŸ” VÃ©rification de l'IP publiqueâ€¦
Traceback (most recent call last):
  File "/home/iconnect/frameconnect.github.io/update_ip.py", line 92, in <module>
    main()
    ~~~~^^
  File "/home/iconnect/frameconnect.github.io/update_ip.py", line 75, in main
    current_url = read_current_url(html)
  File "/home/iconnect/frameconnect.github.io/update_ip.py", line 35, in read_current_url
    raise ValueError(
        "âŒ Redirection window.location.href non trouvÃ©e dans index.html"
    )
ValueError: âŒ Redirection window.location.href non trouvÃ©e dans index.html
ğŸ” VÃ©rification de l'IP publiqueâ€¦
Traceback (most recent call last):
  File "/home/iconnect/frameconnect.github.io/update_ip.py", line 92, in <module>
    main()
    ~~~~^^
  File "/home/iconnect/frameconnect.github.io/update_ip.py", line 75, in main
    current_url = read_current_url(html)
  File "/home/iconnect/frameconnect.github.io/update_ip.py", line 35, in read_current_url
    raise ValueError(
        "âŒ Redirection window.location.href non trouvÃ©e dans index.html"
    )
ValueError: âŒ Redirection window.location.href non trouvÃ©e dans index.html
ğŸ” VÃ©rification de l'IP publiqueâ€¦
Traceback (most recent call last):
  File "/home/iconnect/frameconnect.github.io/update_ip.py", line 92, in <module>
    main()
    ~~~~^^
  File "/home/iconnect/frameconnect.github.io/update_ip.py", line 75, in main
    current_url = read_current_url(html)
  File "/home/iconnect/frameconnect.github.io/update_ip.py", line 35, in read_current_url
    raise ValueError(
        "âŒ Redirection window.location.href non trouvÃ©e dans index.html"
    )
ValueError: âŒ Redirection window.location.href non trouvÃ©e dans index.html
ğŸ” VÃ©rification de l'IP publiqueâ€¦
Traceback (most recent call last):
  File "/home/iconnect/frameconnect.github.io/update_ip.py", line 92, in <module>
    main()
    ~~~~^^
  File "/home/iconnect/frameconnect.github.io/update_ip.py", line 75, in main
    current_url = read_current_url(html)
  File "/home/iconnect/frameconnect.github.io/update_ip.py", line 35, in read_current_url
    raise ValueError(
        "âŒ Redirection window.location.href non trouvÃ©e dans index.html"
    )
ValueError: âŒ Redirection window.location.href non trouvÃ©e dans index.html
ğŸ” VÃ©rification de l'IP publiqueâ€¦
Traceback (most recent call last):
  File "/home/iconnect/frameconnect.github.io/update_ip.py", line 92, in <module>
    main()
    ~~~~^^
  File "/home/iconnect/frameconnect.github.io/update_ip.py", line 75, in main
    current_url = read_current_url(html)
  File "/home/iconnect/frameconnect.github.io/update_ip.py", line 35, in read_current_url
    raise ValueError(
        "âŒ Redirection window.location.href non trouvÃ©e dans index.html"
    )
ValueError: âŒ Redirection window.location.href non trouvÃ©e dans index.html
ğŸ” VÃ©rification de l'IP publiqueâ€¦
Traceback (most recent call last):
  File "/home/iconnect/frameconnect.github.io/update_ip.py", line 92, in <module>
    main()
    ~~~~^^
  File "/home/iconnect/frameconnect.github.io/update_ip.py", line 75, in main
    current_url = read_current_url(html)
  File "/home/iconnect/frameconnect.github.io/update_ip.py", line 35, in read_current_url
    raise ValueError(
        "âŒ Redirection window.location.href non trouvÃ©e dans index.html"
    )
ValueError: âŒ Redirection window.location.href non trouvÃ©e dans index.html
ğŸ” VÃ©rification de l'IP publiqueâ€¦
Traceback (most recent call last):
  File "/home/iconnect/frameconnect.github.io/update_ip.py", line 92, in <module>
    main()
    ~~~~^^
  File "/home/iconnect/frameconnect.github.io/update_ip.py", line 75, in main
    current_url = read_current_url(html)
  File "/home/iconnect/frameconnect.github.io/update_ip.py", line 35, in read_current_url
    raise ValueError(
        "âŒ Redirection window.location.href non trouvÃ©e dans index.html"
    )
ValueError: âŒ Redirection window.location.href non trouvÃ©e dans index.html
ğŸ” VÃ©rification de l'IP publiqueâ€¦
Traceback (most recent call last):
  File "/home/iconnect/frameconnect.github.io/update_ip.py", line 92, in <module>
    main()
    ~~~~^^
  File "/home/iconnect/frameconnect.github.io/update_ip.py", line 75, in main
    current_url = read_current_url(html)
  File "/home/iconnect/frameconnect.github.io/update_ip.py", line 35, in read_current_url
    raise ValueError(
        "âŒ Redirection window.location.href non trouvÃ©e dans index.html"
    )
ValueError: âŒ Redirection window.location.href non trouvÃ©e dans index.html
ğŸ” VÃ©rification de l'IP publiqueâ€¦
Traceback (most recent call last):
  File "/home/iconnect/frameconnect.github.io/update_ip.py", line 92, in <module>
    main()
    ~~~~^^
  File "/home/iconnect/frameconnect.github.io/update_ip.py", line 75, in main
    current_url = read_current_url(html)
  File "/home/iconnect/frameconnect.github.io/update_ip.py", line 35, in read_current_url
    raise ValueError(
        "âŒ Redirection window.location.href non trouvÃ©e dans index.html"
    )
ValueError: âŒ Redirection window.location.href non trouvÃ©e dans index.html
ğŸ” VÃ©rification de l'IP publiqueâ€¦
Traceback (most recent call last):
  File "/home/iconnect/frameconnect.github.io/update_ip.py", line 92, in <module>
    main()
    ~~~~^^
  File "/home/iconnect/frameconnect.github.io/update_ip.py", line 75, in main
    current_url = read_current_url(html)
  File "/home/iconnect/frameconnect.github.io/update_ip.py", line 35, in read_current_url
    raise ValueError(
        "âŒ Redirection window.location.href non trouvÃ©e dans index.html"
    )
ValueError: âŒ Redirection window.location.href non trouvÃ©e dans index.html
ğŸ” VÃ©rification de l'IP publiqueâ€¦
Traceback (most recent call last):
  File "/home/iconnect/frameconnect.github.io/update_ip.py", line 92, in <module>
    main()
    ~~~~^^
  File "/home/iconnect/frameconnect.github.io/update_ip.py", line 75, in main
    current_url = read_current_url(html)
  File "/home/iconnect/frameconnect.github.io/update_ip.py", line 35, in read_current_url
    raise ValueError(
        "âŒ Redirection window.location.href non trouvÃ©e dans index.html"
    )
ValueError: âŒ Redirection window.location.href non trouvÃ©e dans index.html
ğŸ” VÃ©rification de l'IP publiqueâ€¦
Traceback (most recent call last):
  File "/home/iconnect/frameconnect.github.io/update_ip.py", line 92, in <module>
    main()
    ~~~~^^
  File "/home/iconnect/frameconnect.github.io/update_ip.py", line 75, in main
    current_url = read_current_url(html)
  File "/home/iconnect/frameconnect.github.io/update_ip.py", line 35, in read_current_url
    raise ValueError(
        "âŒ Redirection window.location.href non trouvÃ©e dans index.html"
    )
ValueError: âŒ Redirection window.location.href non trouvÃ©e dans index.html
ğŸ” VÃ©rification de l'IP publiqueâ€¦
Traceback (most recent call last):
  File "/home/iconnect/frameconnect.github.io/update_ip.py", line 92, in <module>
    main()
    ~~~~^^
  File "/home/iconnect/frameconnect.github.io/update_ip.py", line 75, in main
    current_url = read_current_url(html)
  File "/home/iconnect/frameconnect.github.io/update_ip.py", line 35, in read_current_url
    raise ValueError(
        "âŒ Redirection window.location.href non trouvÃ©e dans index.html"
    )
ValueError: âŒ Redirection window.location.href non trouvÃ©e dans index.html
ğŸ” VÃ©rification de l'IP publiqueâ€¦
Traceback (most recent call last):
  File "/home/iconnect/frameconnect.github.io/update_ip.py", line 92, in <module>
    main()
    ~~~~^^
  File "/home/iconnect/frameconnect.github.io/update_ip.py", line 75, in main
    current_url = read_current_url(html)
  File "/home/iconnect/frameconnect.github.io/update_ip.py", line 35, in read_current_url
    raise ValueError(
        "âŒ Redirection window.location.href non trouvÃ©e dans index.html"
    )
ValueError: âŒ Redirection window.location.href non trouvÃ©e dans index.html
ğŸ” VÃ©rification de l'IP publiqueâ€¦
Traceback (most recent call last):
  File "/home/iconnect/frameconnect.github.io/update_ip.py", line 92, in <module>
    main()
    ~~~~^^
  File "/home/iconnect/frameconnect.github.io/update_ip.py", line 75, in main
    current_url = read_current_url(html)
  File "/home/iconnect/frameconnect.github.io/update_ip.py", line 35, in read_current_url
    raise ValueError(
        "âŒ Redirection window.location.href non trouvÃ©e dans index.html"
    )
ValueError: âŒ Redirection window.location.href non trouvÃ©e dans index.html
ğŸ” VÃ©rification de l'IP publiqueâ€¦
Traceback (most recent call last):
  File "/home/iconnect/frameconnect.github.io/update_ip.py", line 92, in <module>
    main()
    ~~~~^^
  File "/home/iconnect/frameconnect.github.io/update_ip.py", line 75, in main
    current_url = read_current_url(html)
  File "/home/iconnect/frameconnect.github.io/update_ip.py", line 35, in read_current_url
    raise ValueError(
        "âŒ Redirection window.location.href non trouvÃ©e dans index.html"
    )
ValueError: âŒ Redirection window.location.href non trouvÃ©e dans index.html
ğŸ” VÃ©rification de l'IP publiqueâ€¦
Traceback (most recent call last):
  File "/home/iconnect/frameconnect.github.io/update_ip.py", line 92, in <module>
    main()
    ~~~~^^
  File "/home/iconnect/frameconnect.github.io/update_ip.py", line 75, in main
    current_url = read_current_url(html)
  File "/home/iconnect/frameconnect.github.io/update_ip.py", line 35, in read_current_url
    raise ValueError(
        "âŒ Redirection window.location.href non trouvÃ©e dans index.html"
    )
ValueError: âŒ Redirection window.location.href non trouvÃ©e dans index.html
ğŸ” VÃ©rification de l'IP publiqueâ€¦
Traceback (most recent call last):
  File "/home/iconnect/frameconnect.github.io/update_ip.py", line 92, in <module>
    main()
    ~~~~^^
  File "/home/iconnect/frameconnect.github.io/update_ip.py", line 75, in main
    current_url = read_current_url(html)
  File "/home/iconnect/frameconnect.github.io/update_ip.py", line 35, in read_current_url
    raise ValueError(
        "âŒ Redirection window.location.href non trouvÃ©e dans index.html"
    )
ValueError: âŒ Redirection window.location.href non trouvÃ©e dans index.html
ğŸ” VÃ©rification de l'IP publiqueâ€¦
Traceback (most recent call last):
  File "/home/iconnect/frameconnect.github.io/update_ip.py", line 92, in <module>
    main()
    ~~~~^^
  File "/home/iconnect/frameconnect.github.io/update_ip.py", line 75, in main
    current_url = read_current_url(html)
  File "/home/iconnect/frameconnect.github.io/update_ip.py", line 35, in read_current_url
    raise ValueError(
        "âŒ Redirection window.location.href non trouvÃ©e dans index.html"
    )
ValueError: âŒ Redirection window.location.href non trouvÃ©e dans index.html
ğŸ” VÃ©rification de l'IP publiqueâ€¦
Traceback (most recent call last):
  File "/home/iconnect/frameconnect.github.io/update_ip.py", line 92, in <module>
    main()
    ~~~~^^
  File "/home/iconnect/frameconnect.github.io/update_ip.py", line 75, in main
    current_url = read_current_url(html)
  File "/home/iconnect/frameconnect.github.io/update_ip.py", line 35, in read_current_url
    raise ValueError(
        "âŒ Redirection window.location.href non trouvÃ©e dans index.html"
    )
ValueError: âŒ Redirection window.location.href non trouvÃ©e dans index.html
ğŸ” VÃ©rification de l'IP publiqueâ€¦
Traceback (most recent call last):
  File "/home/iconnect/frameconnect.github.io/update_ip.py", line 92, in <module>
    main()
    ~~~~^^
  File "/home/iconnect/frameconnect.github.io/update_ip.py", line 75, in main
    current_url = read_current_url(html)
  File "/home/iconnect/frameconnect.github.io/update_ip.py", line 35, in read_current_url
    raise ValueError(
        "âŒ Redirection window.location.href non trouvÃ©e dans index.html"
    )
ValueError: âŒ Redirection window.location.href non trouvÃ©e dans index.html
ğŸ” VÃ©rification de l'IP publiqueâ€¦
Traceback (most recent call last):
  File "/home/iconnect/frameconnect.github.io/update_ip.py", line 92, in <module>
    main()
    ~~~~^^
  File "/home/iconnect/frameconnect.github.io/update_ip.py", line 75, in main
    current_url = read_current_url(html)
  File "/home/iconnect/frameconnect.github.io/update_ip.py", line 35, in read_current_url
    raise ValueError(
        "âŒ Redirection window.location.href non trouvÃ©e dans index.html"
    )
ValueError: âŒ Redirection window.location.href non trouvÃ©e dans index.html
ğŸ” VÃ©rification de l'IP publiqueâ€¦
Traceback (most recent call last):
  File "/home/iconnect/frameconnect.github.io/update_ip.py", line 92, in <module>
    main()
    ~~~~^^
  File "/home/iconnect/frameconnect.github.io/update_ip.py", line 75, in main
    current_url = read_current_url(html)
  File "/home/iconnect/frameconnect.github.io/update_ip.py", line 35, in read_current_url
    raise ValueError(
        "âŒ Redirection window.location.href non trouvÃ©e dans index.html"
    )
ValueError: âŒ Redirection window.location.href non trouvÃ©e dans index.html
ğŸ” VÃ©rification de l'IP publiqueâ€¦
Traceback (most recent call last):
  File "/home/iconnect/frameconnect.github.io/update_ip.py", line 92, in <module>
    main()
    ~~~~^^
  File "/home/iconnect/frameconnect.github.io/update_ip.py", line 75, in main
    current_url = read_current_url(html)
  File "/home/iconnect/frameconnect.github.io/update_ip.py", line 35, in read_current_url
    raise ValueError(
        "âŒ Redirection window.location.href non trouvÃ©e dans index.html"
    )
ValueError: âŒ Redirection window.location.href non trouvÃ©e dans index.html
ğŸ” VÃ©rification de l'IP publiqueâ€¦
Traceback (most recent call last):
  File "/home/iconnect/frameconnect.github.io/update_ip.py", line 92, in <module>
    main()
    ~~~~^^
  File "/home/iconnect/frameconnect.github.io/update_ip.py", line 75, in main
    current_url = read_current_url(html)
  File "/home/iconnect/frameconnect.github.io/update_ip.py", line 35, in read_current_url
    raise ValueError(
        "âŒ Redirection window.location.href non trouvÃ©e dans index.html"
    )
ValueError: âŒ Redirection window.location.href non trouvÃ©e dans index.html
ğŸ” VÃ©rification de l'IP publiqueâ€¦
Traceback (most recent call last):
  File "/home/iconnect/frameconnect.github.io/update_ip.py", line 92, in <module>
    main()
    ~~~~^^
  File "/home/iconnect/frameconnect.github.io/update_ip.py", line 75, in main
    current_url = read_current_url(html)
  File "/home/iconnect/frameconnect.github.io/update_ip.py", line 35, in read_current_url
    raise ValueError(
        "âŒ Redirection window.location.href non trouvÃ©e dans index.html"
    )
ValueError: âŒ Redirection window.location.href non trouvÃ©e dans index.html
ğŸ” VÃ©rification de l'IP publiqueâ€¦
Traceback (most recent call last):
  File "/home/iconnect/frameconnect.github.io/update_ip.py", line 92, in <module>
    main()
    ~~~~^^
  File "/home/iconnect/frameconnect.github.io/update_ip.py", line 75, in main
    current_url = read_current_url(html)
  File "/home/iconnect/frameconnect.github.io/update_ip.py", line 35, in read_current_url
    raise ValueError(
        "âŒ Redirection window.location.href non trouvÃ©e dans index.html"
    )
ValueError: âŒ Redirection window.location.href non trouvÃ©e dans index.html
ğŸ” VÃ©rification de l'IP publiqueâ€¦
Traceback (most recent call last):
  File "/home/iconnect/frameconnect.github.io/update_ip.py", line 92, in <module>
    main()
    ~~~~^^
  File "/home/iconnect/frameconnect.github.io/update_ip.py", line 75, in main
    current_url = read_current_url(html)
  File "/home/iconnect/frameconnect.github.io/update_ip.py", line 35, in read_current_url
    raise ValueError(
        "âŒ Redirection window.location.href non trouvÃ©e dans index.html"
    )
ValueError: âŒ Redirection window.location.href non trouvÃ©e dans index.html
ğŸ” VÃ©rification de l'IP publiqueâ€¦
Traceback (most recent call last):
  File "/home/iconnect/frameconnect.github.io/update_ip.py", line 92, in <module>
    main()
    ~~~~^^
  File "/home/iconnect/frameconnect.github.io/update_ip.py", line 75, in main
    current_url = read_current_url(html)
  File "/home/iconnect/frameconnect.github.io/update_ip.py", line 35, in read_current_url
    raise ValueError(
        "âŒ Redirection window.location.href non trouvÃ©e dans index.html"
    )
ValueError: âŒ Redirection window.location.href non trouvÃ©e dans index.html
ğŸ” VÃ©rification de l'IP publiqueâ€¦
Traceback (most recent call last):
  File "/home/iconnect/frameconnect.github.io/update_ip.py", line 92, in <module>
    main()
    ~~~~^^
  File "/home/iconnect/frameconnect.github.io/update_ip.py", line 75, in main
    current_url = read_current_url(html)
  File "/home/iconnect/frameconnect.github.io/update_ip.py", line 35, in read_current_url
    raise ValueError(
        "âŒ Redirection window.location.href non trouvÃ©e dans index.html"
    )
ValueError: âŒ Redirection window.location.href non trouvÃ©e dans index.html
ğŸ” VÃ©rification de l'IP publiqueâ€¦
Traceback (most recent call last):
  File "/home/iconnect/frameconnect.github.io/update_ip.py", line 92, in <module>
    main()
    ~~~~^^
  File "/home/iconnect/frameconnect.github.io/update_ip.py", line 75, in main
    current_url = read_current_url(html)
  File "/home/iconnect/frameconnect.github.io/update_ip.py", line 35, in read_current_url
    raise ValueError(
        "âŒ Redirection window.location.href non trouvÃ©e dans index.html"
    )
ValueError: âŒ Redirection window.location.href non trouvÃ©e dans index.html
ğŸ” VÃ©rification de l'IP publiqueâ€¦
Traceback (most recent call last):
  File "/home/iconnect/frameconnect.github.io/update_ip.py", line 92, in <module>
    main()
    ~~~~^^
  File "/home/iconnect/frameconnect.github.io/update_ip.py", line 75, in main
    current_url = read_current_url(html)
  File "/home/iconnect/frameconnect.github.io/update_ip.py", line 35, in read_current_url
    raise ValueError(
        "âŒ Redirection window.location.href non trouvÃ©e dans index.html"
    )
ValueError: âŒ Redirection window.location.href non trouvÃ©e dans index.html
ğŸ” VÃ©rification de l'IP publiqueâ€¦
Traceback (most recent call last):
  File "/home/iconnect/frameconnect.github.io/update_ip.py", line 92, in <module>
    main()
    ~~~~^^
  File "/home/iconnect/frameconnect.github.io/update_ip.py", line 75, in main
    current_url = read_current_url(html)
  File "/home/iconnect/frameconnect.github.io/update_ip.py", line 35, in read_current_url
    raise ValueError(
        "âŒ Redirection window.location.href non trouvÃ©e dans index.html"
    )
ValueError: âŒ Redirection window.location.href non trouvÃ©e dans index.html
ğŸ” VÃ©rification de l'IP publiqueâ€¦
Traceback (most recent call last):
  File "/home/iconnect/frameconnect.github.io/update_ip.py", line 92, in <module>
    main()
    ~~~~^^
  File "/home/iconnect/frameconnect.github.io/update_ip.py", line 75, in main
    current_url = read_current_url(html)
  File "/home/iconnect/frameconnect.github.io/update_ip.py", line 35, in read_current_url
    raise ValueError(
        "âŒ Redirection window.location.href non trouvÃ©e dans index.html"
    )
ValueError: âŒ Redirection window.location.href non trouvÃ©e dans index.html
ğŸ” VÃ©rification de l'IP publiqueâ€¦
Traceback (most recent call last):
  File "/home/iconnect/frameconnect.github.io/update_ip.py", line 92, in <module>
    main()
    ~~~~^^
  File "/home/iconnect/frameconnect.github.io/update_ip.py", line 75, in main
    current_url = read_current_url(html)
  File "/home/iconnect/frameconnect.github.io/update_ip.py", line 35, in read_current_url
    raise ValueError(
        "âŒ Redirection window.location.href non trouvÃ©e dans index.html"
    )
ValueError: âŒ Redirection window.location.href non trouvÃ©e dans index.html
ğŸ” VÃ©rification de l'IP publiqueâ€¦
Traceback (most recent call last):
  File "/home/iconnect/frameconnect.github.io/update_ip.py", line 92, in <module>
    main()
    ~~~~^^
  File "/home/iconnect/frameconnect.github.io/update_ip.py", line 75, in main
    current_url = read_current_url(html)
  File "/home/iconnect/frameconnect.github.io/update_ip.py", line 35, in read_current_url
    raise ValueError(
        "âŒ Redirection window.location.href non trouvÃ©e dans index.html"
    )
ValueError: âŒ Redirection window.location.href non trouvÃ©e dans index.html
ğŸ” VÃ©rification de l'IP publiqueâ€¦
Traceback (most recent call last):
  File "/home/iconnect/frameconnect.github.io/update_ip.py", line 92, in <module>
    main()
    ~~~~^^
  File "/home/iconnect/frameconnect.github.io/update_ip.py", line 75, in main
    current_url = read_current_url(html)
  File "/home/iconnect/frameconnect.github.io/update_ip.py", line 35, in read_current_url
    raise ValueError(
        "âŒ Redirection window.location.href non trouvÃ©e dans index.html"
    )
ValueError: âŒ Redirection window.location.href non trouvÃ©e dans index.html
ğŸ” VÃ©rification de l'IP publiqueâ€¦
Traceback (most recent call last):
  File "/home/iconnect/frameconnect.github.io/update_ip.py", line 92, in <module>
    main()
    ~~~~^^
  File "/home/iconnect/frameconnect.github.io/update_ip.py", line 75, in main
    current_url = read_current_url(html)
  File "/home/iconnect/frameconnect.github.io/update_ip.py", line 35, in read_current_url
    raise ValueError(
        "âŒ Redirection window.location.href non trouvÃ©e dans index.html"
    )
ValueError: âŒ Redirection window.location.href non trouvÃ©e dans index.html
ğŸ” VÃ©rification de l'IP publiqueâ€¦
Traceback (most recent call last):
  File "/home/iconnect/frameconnect.github.io/update_ip.py", line 92, in <module>
    main()
    ~~~~^^
  File "/home/iconnect/frameconnect.github.io/update_ip.py", line 75, in main
    current_url = read_current_url(html)
  File "/home/iconnect/frameconnect.github.io/update_ip.py", line 35, in read_current_url
    raise ValueError(
        "âŒ Redirection window.location.href non trouvÃ©e dans index.html"
    )
ValueError: âŒ Redirection window.location.href non trouvÃ©e dans index.html
ğŸ” VÃ©rification de l'IP publiqueâ€¦
Traceback (most recent call last):
  File "/home/iconnect/frameconnect.github.io/update_ip.py", line 92, in <module>
    main()
    ~~~~^^
  File "/home/iconnect/frameconnect.github.io/update_ip.py", line 75, in main
    current_url = read_current_url(html)
  File "/home/iconnect/frameconnect.github.io/update_ip.py", line 35, in read_current_url
    raise ValueError(
        "âŒ Redirection window.location.href non trouvÃ©e dans index.html"
    )
ValueError: âŒ Redirection window.location.href non trouvÃ©e dans index.html
ğŸ” VÃ©rification de l'IP publiqueâ€¦
Traceback (most recent call last):
  File "/home/iconnect/frameconnect.github.io/update_ip.py", line 92, in <module>
    main()
    ~~~~^^
  File "/home/iconnect/frameconnect.github.io/update_ip.py", line 75, in main
    current_url = read_current_url(html)
  File "/home/iconnect/frameconnect.github.io/update_ip.py", line 35, in read_current_url
    raise ValueError(
        "âŒ Redirection window.location.href non trouvÃ©e dans index.html"
    )
ValueError: âŒ Redirection window.location.href non trouvÃ©e dans index.html
ğŸ” VÃ©rification de l'IP publiqueâ€¦
Traceback (most recent call last):
  File "/home/iconnect/frameconnect.github.io/update_ip.py", line 92, in <module>
    main()
    ~~~~^^
  File "/home/iconnect/frameconnect.github.io/update_ip.py", line 75, in main
    current_url = read_current_url(html)
  File "/home/iconnect/frameconnect.github.io/update_ip.py", line 35, in read_current_url
    raise ValueError(
        "âŒ Redirection window.location.href non trouvÃ©e dans index.html"
    )
ValueError: âŒ Redirection window.location.href non trouvÃ©e dans index.html
ğŸ” VÃ©rification de l'IP publiqueâ€¦
Traceback (most recent call last):
  File "/home/iconnect/frameconnect.github.io/update_ip.py", line 92, in <module>
    main()
    ~~~~^^
  File "/home/iconnect/frameconnect.github.io/update_ip.py", line 75, in main
    current_url = read_current_url(html)
  File "/home/iconnect/frameconnect.github.io/update_ip.py", line 35, in read_current_url
    raise ValueError(
        "âŒ Redirection window.location.href non trouvÃ©e dans index.html"
    )
ValueError: âŒ Redirection window.location.href non trouvÃ©e dans index.html
ğŸ” VÃ©rification de l'IP publiqueâ€¦
Traceback (most recent call last):
  File "/home/iconnect/frameconnect.github.io/update_ip.py", line 92, in <module>
    main()
    ~~~~^^
  File "/home/iconnect/frameconnect.github.io/update_ip.py", line 75, in main
    current_url = read_current_url(html)
  File "/home/iconnect/frameconnect.github.io/update_ip.py", line 35, in read_current_url
    raise ValueError(
        "âŒ Redirection window.location.href non trouvÃ©e dans index.html"
    )
ValueError: âŒ Redirection window.location.href non trouvÃ©e dans index.html
ğŸ” VÃ©rification de l'IP publiqueâ€¦
Traceback (most recent call last):
  File "/home/iconnect/frameconnect.github.io/update_ip.py", line 92, in <module>
    main()
    ~~~~^^
  File "/home/iconnect/frameconnect.github.io/update_ip.py", line 75, in main
    current_url = read_current_url(html)
  File "/home/iconnect/frameconnect.github.io/update_ip.py", line 35, in read_current_url
    raise ValueError(
        "âŒ Redirection window.location.href non trouvÃ©e dans index.html"
    )
ValueError: âŒ Redirection window.location.href non trouvÃ©e dans index.html
ğŸ” VÃ©rification de l'IP publiqueâ€¦
Traceback (most recent call last):
  File "/home/iconnect/frameconnect.github.io/update_ip.py", line 92, in <module>
    main()
    ~~~~^^
  File "/home/iconnect/frameconnect.github.io/update_ip.py", line 75, in main
    current_url = read_current_url(html)
  File "/home/iconnect/frameconnect.github.io/update_ip.py", line 35, in read_current_url
    raise ValueError(
        "âŒ Redirection window.location.href non trouvÃ©e dans index.html"
    )
ValueError: âŒ Redirection window.location.href non trouvÃ©e dans index.html
ğŸ” VÃ©rification de l'IP publiqueâ€¦
Traceback (most recent call last):
  File "/home/iconnect/frameconnect.github.io/update_ip.py", line 92, in <module>
    main()
    ~~~~^^
  File "/home/iconnect/frameconnect.github.io/update_ip.py", line 75, in main
    current_url = read_current_url(html)
  File "/home/iconnect/frameconnect.github.io/update_ip.py", line 35, in read_current_url
    raise ValueError(
        "âŒ Redirection window.location.href non trouvÃ©e dans index.html"
    )
ValueError: âŒ Redirection window.location.href non trouvÃ©e dans index.html
ğŸ” VÃ©rification de l'IP publiqueâ€¦
Traceback (most recent call last):
  File "/home/iconnect/frameconnect.github.io/update_ip.py", line 92, in <module>
    main()
    ~~~~^^
  File "/home/iconnect/frameconnect.github.io/update_ip.py", line 75, in main
    current_url = read_current_url(html)
  File "/home/iconnect/frameconnect.github.io/update_ip.py", line 35, in read_current_url
    raise ValueError(
        "âŒ Redirection window.location.href non trouvÃ©e dans index.html"
    )
ValueError: âŒ Redirection window.location.href non trouvÃ©e dans index.html
ğŸ” VÃ©rification de l'IP publiqueâ€¦
Traceback (most recent call last):
  File "/home/iconnect/frameconnect.github.io/update_ip.py", line 92, in <module>
    main()
    ~~~~^^
  File "/home/iconnect/frameconnect.github.io/update_ip.py", line 75, in main
    current_url = read_current_url(html)
  File "/home/iconnect/frameconnect.github.io/update_ip.py", line 35, in read_current_url
    raise ValueError(
        "âŒ Redirection window.location.href non trouvÃ©e dans index.html"
    )
ValueError: âŒ Redirection window.location.href non trouvÃ©e dans index.html
ğŸ” VÃ©rification de l'IP publiqueâ€¦
Traceback (most recent call last):
  File "/home/iconnect/frameconnect.github.io/update_ip.py", line 92, in <module>
    main()
    ~~~~^^
  File "/home/iconnect/frameconnect.github.io/update_ip.py", line 75, in main
    current_url = read_current_url(html)
  File "/home/iconnect/frameconnect.github.io/update_ip.py", line 35, in read_current_url
    raise ValueError(
        "âŒ Redirection window.location.href non trouvÃ©e dans index.html"
    )
ValueError: âŒ Redirection window.location.href non trouvÃ©e dans index.html
ğŸ” VÃ©rification de l'IP publiqueâ€¦
Traceback (most recent call last):
  File "/home/iconnect/frameconnect.github.io/update_ip.py", line 92, in <module>
    main()
    ~~~~^^
  File "/home/iconnect/frameconnect.github.io/update_ip.py", line 75, in main
    current_url = read_current_url(html)
  File "/home/iconnect/frameconnect.github.io/update_ip.py", line 35, in read_current_url
    raise ValueError(
        "âŒ Redirection window.location.href non trouvÃ©e dans index.html"
    )
ValueError: âŒ Redirection window.location.href non trouvÃ©e dans index.html
ğŸ” VÃ©rification de l'IP publiqueâ€¦
Traceback (most recent call last):
  File "/home/iconnect/frameconnect.github.io/update_ip.py", line 92, in <module>
    main()
    ~~~~^^
  File "/home/iconnect/frameconnect.github.io/update_ip.py", line 75, in main
    current_url = read_current_url(html)
  File "/home/iconnect/frameconnect.github.io/update_ip.py", line 35, in read_current_url
    raise ValueError(
        "âŒ Redirection window.location.href non trouvÃ©e dans index.html"
    )
ValueError: âŒ Redirection window.location.href non trouvÃ©e dans index.html
ğŸ” VÃ©rification de l'IP publiqueâ€¦
Traceback (most recent call last):
  File "/home/iconnect/frameconnect.github.io/update_ip.py", line 92, in <module>
    main()
    ~~~~^^
  File "/home/iconnect/frameconnect.github.io/update_ip.py", line 75, in main
    current_url = read_current_url(html)
  File "/home/iconnect/frameconnect.github.io/update_ip.py", line 35, in read_current_url
    raise ValueError(
        "âŒ Redirection window.location.href non trouvÃ©e dans index.html"
    )
ValueError: âŒ Redirection window.location.href non trouvÃ©e dans index.html
ğŸ” VÃ©rification de l'IP publiqueâ€¦
Traceback (most recent call last):
  File "/home/iconnect/frameconnect.github.io/update_ip.py", line 92, in <module>
    main()
    ~~~~^^
  File "/home/iconnect/frameconnect.github.io/update_ip.py", line 75, in main
    current_url = read_current_url(html)
  File "/home/iconnect/frameconnect.github.io/update_ip.py", line 35, in read_current_url
    raise ValueError(
        "âŒ Redirection window.location.href non trouvÃ©e dans index.html"
    )
ValueError: âŒ Redirection window.location.href non trouvÃ©e dans index.html
ğŸ” VÃ©rification de l'IP publiqueâ€¦
Traceback (most recent call last):
  File "/home/iconnect/frameconnect.github.io/update_ip.py", line 92, in <module>
    main()
    ~~~~^^
  File "/home/iconnect/frameconnect.github.io/update_ip.py", line 75, in main
    current_url = read_current_url(html)
  File "/home/iconnect/frameconnect.github.io/update_ip.py", line 35, in read_current_url
    raise ValueError(
        "âŒ Redirection window.location.href non trouvÃ©e dans index.html"
    )
ValueError: âŒ Redirection window.location.href non trouvÃ©e dans index.html
ğŸ” VÃ©rification de l'IP publiqueâ€¦
Traceback (most recent call last):
  File "/home/iconnect/frameconnect.github.io/update_ip.py", line 92, in <module>
    main()
    ~~~~^^
  File "/home/iconnect/frameconnect.github.io/update_ip.py", line 75, in main
    current_url = read_current_url(html)
  File "/home/iconnect/frameconnect.github.io/update_ip.py", line 35, in read_current_url
    raise ValueError(
        "âŒ Redirection window.location.href non trouvÃ©e dans index.html"
    )
ValueError: âŒ Redirection window.location.href non trouvÃ©e dans index.html
ğŸ” VÃ©rification de l'IP publiqueâ€¦
Traceback (most recent call last):
  File "/home/iconnect/frameconnect.github.io/update_ip.py", line 92, in <module>
    main()
    ~~~~^^
  File "/home/iconnect/frameconnect.github.io/update_ip.py", line 75, in main
    current_url = read_current_url(html)
  File "/home/iconnect/frameconnect.github.io/update_ip.py", line 35, in read_current_url
    raise ValueError(
        "âŒ Redirection window.location.href non trouvÃ©e dans index.html"
    )
ValueError: âŒ Redirection window.location.href non trouvÃ©e dans index.html
ğŸ” VÃ©rification de l'IP publiqueâ€¦
Traceback (most recent call last):
  File "/home/iconnect/frameconnect.github.io/update_ip.py", line 92, in <module>
    main()
    ~~~~^^
  File "/home/iconnect/frameconnect.github.io/update_ip.py", line 75, in main
    current_url = read_current_url(html)
  File "/home/iconnect/frameconnect.github.io/update_ip.py", line 35, in read_current_url
    raise ValueError(
        "âŒ Redirection window.location.href non trouvÃ©e dans index.html"
    )
ValueError: âŒ Redirection window.location.href non trouvÃ©e dans index.html
ğŸ” VÃ©rification de l'IP publiqueâ€¦
Traceback (most recent call last):
  File "/home/iconnect/frameconnect.github.io/update_ip.py", line 92, in <module>
    main()
    ~~~~^^
  File "/home/iconnect/frameconnect.github.io/update_ip.py", line 75, in main
    current_url = read_current_url(html)
  File "/home/iconnect/frameconnect.github.io/update_ip.py", line 35, in read_current_url
    raise ValueError(
        "âŒ Redirection window.location.href non trouvÃ©e dans index.html"
    )
ValueError: âŒ Redirection window.location.href non trouvÃ©e dans index.html
ğŸ” VÃ©rification de l'IP publiqueâ€¦
Traceback (most recent call last):
  File "/home/iconnect/frameconnect.github.io/update_ip.py", line 92, in <module>
    main()
    ~~~~^^
  File "/home/iconnect/frameconnect.github.io/update_ip.py", line 75, in main
    current_url = read_current_url(html)
  File "/home/iconnect/frameconnect.github.io/update_ip.py", line 35, in read_current_url
    raise ValueError(
        "âŒ Redirection window.location.href non trouvÃ©e dans index.html"
    )
ValueError: âŒ Redirection window.location.href non trouvÃ©e dans index.html
ğŸ” VÃ©rification de l'IP publiqueâ€¦
Traceback (most recent call last):
  File "/home/iconnect/frameconnect.github.io/update_ip.py", line 92, in <module>
    main()
    ~~~~^^
  File "/home/iconnect/frameconnect.github.io/update_ip.py", line 75, in main
    current_url = read_current_url(html)
  File "/home/iconnect/frameconnect.github.io/update_ip.py", line 35, in read_current_url
    raise ValueError(
        "âŒ Redirection window.location.href non trouvÃ©e dans index.html"
    )
ValueError: âŒ Redirection window.location.href non trouvÃ©e dans index.html
ğŸ” VÃ©rification de l'IP publiqueâ€¦
Traceback (most recent call last):
  File "/home/iconnect/frameconnect.github.io/update_ip.py", line 92, in <module>
    main()
    ~~~~^^
  File "/home/iconnect/frameconnect.github.io/update_ip.py", line 75, in main
    current_url = read_current_url(html)
  File "/home/iconnect/frameconnect.github.io/update_ip.py", line 35, in read_current_url
    raise ValueError(
        "âŒ Redirection window.location.href non trouvÃ©e dans index.html"
    )
ValueError: âŒ Redirection window.location.href non trouvÃ©e dans index.html
ğŸ” VÃ©rification de l'IP publiqueâ€¦
Traceback (most recent call last):
  File "/home/iconnect/frameconnect.github.io/update_ip.py", line 92, in <module>
    main()
    ~~~~^^
  File "/home/iconnect/frameconnect.github.io/update_ip.py", line 75, in main
    current_url = read_current_url(html)
  File "/home/iconnect/frameconnect.github.io/update_ip.py", line 35, in read_current_url
    raise ValueError(
        "âŒ Redirection window.location.href non trouvÃ©e dans index.html"
    )
ValueError: âŒ Redirection window.location.href non trouvÃ©e dans index.html
ğŸ” VÃ©rification de l'IP publiqueâ€¦
Traceback (most recent call last):
  File "/home/iconnect/frameconnect.github.io/update_ip.py", line 92, in <module>
    main()
    ~~~~^^
  File "/home/iconnect/frameconnect.github.io/update_ip.py", line 75, in main
    current_url = read_current_url(html)
  File "/home/iconnect/frameconnect.github.io/update_ip.py", line 35, in read_current_url
    raise ValueError(
        "âŒ Redirection window.location.href non trouvÃ©e dans index.html"
    )
ValueError: âŒ Redirection window.location.href non trouvÃ©e dans index.html
ğŸ” VÃ©rification de l'IP publiqueâ€¦
Traceback (most recent call last):
  File "/home/iconnect/frameconnect.github.io/update_ip.py", line 92, in <module>
    main()
    ~~~~^^
  File "/home/iconnect/frameconnect.github.io/update_ip.py", line 75, in main
    current_url = read_current_url(html)
  File "/home/iconnect/frameconnect.github.io/update_ip.py", line 35, in read_current_url
    raise ValueError(
        "âŒ Redirection window.location.href non trouvÃ©e dans index.html"
    )
ValueError: âŒ Redirection window.location.href non trouvÃ©e dans index.html
ğŸ” VÃ©rification de l'IP publiqueâ€¦
Traceback (most recent call last):
  File "/home/iconnect/frameconnect.github.io/update_ip.py", line 92, in <module>
    main()
    ~~~~^^
  File "/home/iconnect/frameconnect.github.io/update_ip.py", line 75, in main
    current_url = read_current_url(html)
  File "/home/iconnect/frameconnect.github.io/update_ip.py", line 35, in read_current_url
    raise ValueError(
        "âŒ Redirection window.location.href non trouvÃ©e dans index.html"
    )
ValueError: âŒ Redirection window.location.href non trouvÃ©e dans index.html
ğŸ” VÃ©rification de l'IP publiqueâ€¦
Traceback (most recent call last):
  File "/home/iconnect/frameconnect.github.io/update_ip.py", line 92, in <module>
    main()
    ~~~~^^
  File "/home/iconnect/frameconnect.github.io/update_ip.py", line 75, in main
    current_url = read_current_url(html)
  File "/home/iconnect/frameconnect.github.io/update_ip.py", line 35, in read_current_url
    raise ValueError(
        "âŒ Redirection window.location.href non trouvÃ©e dans index.html"
    )
ValueError: âŒ Redirection window.location.href non trouvÃ©e dans index.html
ğŸ” VÃ©rification de l'IP publiqueâ€¦
Traceback (most recent call last):
  File "/home/iconnect/frameconnect.github.io/update_ip.py", line 92, in <module>
    main()
    ~~~~^^
  File "/home/iconnect/frameconnect.github.io/update_ip.py", line 75, in main
    current_url = read_current_url(html)
  File "/home/iconnect/frameconnect.github.io/update_ip.py", line 35, in read_current_url
    raise ValueError(
        "âŒ Redirection window.location.href non trouvÃ©e dans index.html"
    )
ValueError: âŒ Redirection window.location.href non trouvÃ©e dans index.html
ğŸ” VÃ©rification de l'IP publiqueâ€¦
Traceback (most recent call last):
  File "/home/iconnect/frameconnect.github.io/update_ip.py", line 92, in <module>
    main()
    ~~~~^^
  File "/home/iconnect/frameconnect.github.io/update_ip.py", line 75, in main
    current_url = read_current_url(html)
  File "/home/iconnect/frameconnect.github.io/update_ip.py", line 35, in read_current_url
    raise ValueError(
        "âŒ Redirection window.location.href non trouvÃ©e dans index.html"
    )
ValueError: âŒ Redirection window.location.href non trouvÃ©e dans index.html
ğŸ” VÃ©rification de l'IP publiqueâ€¦
Traceback (most recent call last):
  File "/home/iconnect/frameconnect.github.io/update_ip.py", line 92, in <module>
    main()
    ~~~~^^
  File "/home/iconnect/frameconnect.github.io/update_ip.py", line 75, in main
    current_url = read_current_url(html)
  File "/home/iconnect/frameconnect.github.io/update_ip.py", line 35, in read_current_url
    raise ValueError(
        "âŒ Redirection window.location.href non trouvÃ©e dans index.html"
    )
ValueError: âŒ Redirection window.location.href non trouvÃ©e dans index.html
ğŸ” VÃ©rification de l'IP publiqueâ€¦
Traceback (most recent call last):
  File "/home/iconnect/frameconnect.github.io/update_ip.py", line 92, in <module>
    main()
    ~~~~^^
  File "/home/iconnect/frameconnect.github.io/update_ip.py", line 75, in main
    current_url = read_current_url(html)
  File "/home/iconnect/frameconnect.github.io/update_ip.py", line 35, in read_current_url
    raise ValueError(
        "âŒ Redirection window.location.href non trouvÃ©e dans index.html"
    )
ValueError: âŒ Redirection window.location.href non trouvÃ©e dans index.html
ğŸ” VÃ©rification de l'IP publiqueâ€¦
Traceback (most recent call last):
  File "/home/iconnect/frameconnect.github.io/update_ip.py", line 92, in <module>
    main()
    ~~~~^^
  File "/home/iconnect/frameconnect.github.io/update_ip.py", line 75, in main
    current_url = read_current_url(html)
  File "/home/iconnect/frameconnect.github.io/update_ip.py", line 35, in read_current_url
    raise ValueError(
        "âŒ Redirection window.location.href non trouvÃ©e dans index.html"
    )
ValueError: âŒ Redirection window.location.href non trouvÃ©e dans index.html
ğŸ” VÃ©rification de l'IP publiqueâ€¦
Traceback (most recent call last):
  File "/home/iconnect/frameconnect.github.io/update_ip.py", line 92, in <module>
    main()
    ~~~~^^
  File "/home/iconnect/frameconnect.github.io/update_ip.py", line 75, in main
    current_url = read_current_url(html)
  File "/home/iconnect/frameconnect.github.io/update_ip.py", line 35, in read_current_url
    raise ValueError(
        "âŒ Redirection window.location.href non trouvÃ©e dans index.html"
    )
ValueError: âŒ Redirection window.location.href non trouvÃ©e dans index.html
ğŸ” VÃ©rification de l'IP publiqueâ€¦
Traceback (most recent call last):
  File "/home/iconnect/frameconnect.github.io/update_ip.py", line 92, in <module>
    main()
    ~~~~^^
  File "/home/iconnect/frameconnect.github.io/update_ip.py", line 75, in main
    current_url = read_current_url(html)
  File "/home/iconnect/frameconnect.github.io/update_ip.py", line 35, in read_current_url
    raise ValueError(
        "âŒ Redirection window.location.href non trouvÃ©e dans index.html"
    )
ValueError: âŒ Redirection window.location.href non trouvÃ©e dans index.html
ğŸ” VÃ©rification de l'IP publiqueâ€¦
Traceback (most recent call last):
  File "/home/iconnect/frameconnect.github.io/update_ip.py", line 92, in <module>
    main()
    ~~~~^^
  File "/home/iconnect/frameconnect.github.io/update_ip.py", line 75, in main
    current_url = read_current_url(html)
  File "/home/iconnect/frameconnect.github.io/update_ip.py", line 35, in read_current_url
    raise ValueError(
        "âŒ Redirection window.location.href non trouvÃ©e dans index.html"
    )
ValueError: âŒ Redirection window.location.href non trouvÃ©e dans index.html
ğŸ” VÃ©rification de l'IP publiqueâ€¦
Traceback (most recent call last):
  File "/home/iconnect/frameconnect.github.io/update_ip.py", line 92, in <module>
    main()
    ~~~~^^
  File "/home/iconnect/frameconnect.github.io/update_ip.py", line 75, in main
    current_url = read_current_url(html)
  File "/home/iconnect/frameconnect.github.io/update_ip.py", line 35, in read_current_url
    raise ValueError(
        "âŒ Redirection window.location.href non trouvÃ©e dans index.html"
    )
ValueError: âŒ Redirection window.location.href non trouvÃ©e dans index.html
ğŸ” VÃ©rification de l'IP publiqueâ€¦
Traceback (most recent call last):
  File "/home/iconnect/frameconnect.github.io/update_ip.py", line 92, in <module>
    main()
    ~~~~^^
  File "/home/iconnect/frameconnect.github.io/update_ip.py", line 75, in main
    current_url = read_current_url(html)
  File "/home/iconnect/frameconnect.github.io/update_ip.py", line 35, in read_current_url
    raise ValueError(
        "âŒ Redirection window.location.href non trouvÃ©e dans index.html"
    )
ValueError: âŒ Redirection window.location.href non trouvÃ©e dans index.html
ğŸ” VÃ©rification de l'IP publiqueâ€¦
Traceback (most recent call last):
  File "/home/iconnect/frameconnect.github.io/update_ip.py", line 92, in <module>
    main()
    ~~~~^^
  File "/home/iconnect/frameconnect.github.io/update_ip.py", line 75, in main
    current_url = read_current_url(html)
  File "/home/iconnect/frameconnect.github.io/update_ip.py", line 35, in read_current_url
    raise ValueError(
        "âŒ Redirection window.location.href non trouvÃ©e dans index.html"
    )
ValueError: âŒ Redirection window.location.href non trouvÃ©e dans index.html
ğŸ” VÃ©rification de l'IP publiqueâ€¦
Traceback (most recent call last):
  File "/home/iconnect/frameconnect.github.io/update_ip.py", line 92, in <module>
    main()
    ~~~~^^
  File "/home/iconnect/frameconnect.github.io/update_ip.py", line 75, in main
    current_url = read_current_url(html)
  File "/home/iconnect/frameconnect.github.io/update_ip.py", line 35, in read_current_url
    raise ValueError(
        "âŒ Redirection window.location.href non trouvÃ©e dans index.html"
    )
ValueError: âŒ Redirection window.location.href non trouvÃ©e dans index.html
ğŸ” VÃ©rification de l'IP publiqueâ€¦
Traceback (most recent call last):
  File "/home/iconnect/frameconnect.github.io/update_ip.py", line 92, in <module>
    main()
    ~~~~^^
  File "/home/iconnect/frameconnect.github.io/update_ip.py", line 75, in main
    current_url = read_current_url(html)
  File "/home/iconnect/frameconnect.github.io/update_ip.py", line 35, in read_current_url
    raise ValueError(
        "âŒ Redirection window.location.href non trouvÃ©e dans index.html"
    )
ValueError: âŒ Redirection window.location.href non trouvÃ©e dans index.html
ğŸ” VÃ©rification de l'IP publiqueâ€¦
Traceback (most recent call last):
  File "/home/iconnect/frameconnect.github.io/update_ip.py", line 92, in <module>
    main()
    ~~~~^^
  File "/home/iconnect/frameconnect.github.io/update_ip.py", line 75, in main
    current_url = read_current_url(html)
  File "/home/iconnect/frameconnect.github.io/update_ip.py", line 35, in read_current_url
    raise ValueError(
        "âŒ Redirection window.location.href non trouvÃ©e dans index.html"
    )
ValueError: âŒ Redirection window.location.href non trouvÃ©e dans index.html
ğŸ” VÃ©rification de l'IP publiqueâ€¦
Traceback (most recent call last):
  File "/home/iconnect/frameconnect.github.io/update_ip.py", line 92, in <module>
    main()
    ~~~~^^
  File "/home/iconnect/frameconnect.github.io/update_ip.py", line 75, in main
    current_url = read_current_url(html)
  File "/home/iconnect/frameconnect.github.io/update_ip.py", line 35, in read_current_url
    raise ValueError(
        "âŒ Redirection window.location.href non trouvÃ©e dans index.html"
    )
ValueError: âŒ Redirection window.location.href non trouvÃ©e dans index.html
ğŸ” VÃ©rification de l'IP publiqueâ€¦
Traceback (most recent call last):
  File "/home/iconnect/frameconnect.github.io/update_ip.py", line 92, in <module>
    main()
    ~~~~^^
  File "/home/iconnect/frameconnect.github.io/update_ip.py", line 75, in main
    current_url = read_current_url(html)
  File "/home/iconnect/frameconnect.github.io/update_ip.py", line 35, in read_current_url
    raise ValueError(
        "âŒ Redirection window.location.href non trouvÃ©e dans index.html"
    )
ValueError: âŒ Redirection window.location.href non trouvÃ©e dans index.html
ğŸ” VÃ©rification de l'IP publiqueâ€¦
Traceback (most recent call last):
  File "/home/iconnect/frameconnect.github.io/update_ip.py", line 92, in <module>
    main()
    ~~~~^^
  File "/home/iconnect/frameconnect.github.io/update_ip.py", line 75, in main
    current_url = read_current_url(html)
  File "/home/iconnect/frameconnect.github.io/update_ip.py", line 35, in read_current_url
    raise ValueError(
        "âŒ Redirection window.location.href non trouvÃ©e dans index.html"
    )
ValueError: âŒ Redirection window.location.href non trouvÃ©e dans index.html
